  Determinando los proyectos que se van a restaurar...
C:\agents\youtube_rag_net\YoutubeRag.Infrastructure\YoutubeRag.Infrastructure.csproj : warning NU1608: Se detectó una versión del paquete fuera de la restricción de dependencia: Hangfire.SqlServer 1.8.6 requiere Hangfire.Core (= 1.8.6), pero la versión Hangfire.Core 1.8.21 ya se resolvió. [C:\agents\youtube_rag_net\YoutubeRag.sln]
C:\agents\youtube_rag_net\YoutubeRag.Api\YoutubeRag.Api.csproj : warning NU1608: Se detectó una versión del paquete fuera de la restricción de dependencia: Hangfire.SqlServer 1.8.6 requiere Hangfire.Core (= 1.8.6), pero la versión Hangfire.Core 1.8.21 ya se resolvió. [C:\agents\youtube_rag_net\YoutubeRag.sln]
C:\agents\youtube_rag_net\YoutubeRag.Tests.Integration\YoutubeRag.Tests.Integration.csproj : warning NU1608: Se detectó una versión del paquete fuera de la restricción de dependencia: Hangfire.SqlServer 1.8.6 requiere Hangfire.Core (= 1.8.6), pero la versión Hangfire.Core 1.8.21 ya se resolvió. [C:\agents\youtube_rag_net\YoutubeRag.sln]
  Todos los proyectos están actualizados para la restauración.
C:\agents\youtube_rag_net\YoutubeRag.Infrastructure\YoutubeRag.Infrastructure.csproj : warning NU1608: Se detectó una versión del paquete fuera de la restricción de dependencia: Hangfire.SqlServer 1.8.6 requiere Hangfire.Core (= 1.8.6), pero la versión Hangfire.Core 1.8.21 ya se resolvió.
C:\agents\youtube_rag_net\YoutubeRag.Tests.Integration\YoutubeRag.Tests.Integration.csproj : warning NU1608: Se detectó una versión del paquete fuera de la restricción de dependencia: Hangfire.SqlServer 1.8.6 requiere Hangfire.Core (= 1.8.6), pero la versión Hangfire.Core 1.8.21 ya se resolvió.
C:\agents\youtube_rag_net\YoutubeRag.Api\YoutubeRag.Api.csproj : warning NU1608: Se detectó una versión del paquete fuera de la restricción de dependencia: Hangfire.SqlServer 1.8.6 requiere Hangfire.Core (= 1.8.6), pero la versión Hangfire.Core 1.8.21 ya se resolvió.
  YoutubeRag.Domain -> C:\agents\youtube_rag_net\YoutubeRag.Domain\bin\Debug\net8.0\YoutubeRag.Domain.dll
C:\agents\youtube_rag_net\YoutubeRag.Application\Services\AuthService.cs(261,29): warning CS1998: El método asincrónico carece de operadores "await" y se ejecutará de forma sincrónica. Puede usar el operador 'await' para esperar llamadas API que no sean de bloqueo o 'await Task.Run(...)' para hacer tareas enlazadas a la CPU en un subproceso en segundo plano. [C:\agents\youtube_rag_net\YoutubeRag.Application\YoutubeRag.Application.csproj]
C:\agents\youtube_rag_net\YoutubeRag.Application\Services\AuthService.cs(277,29): warning CS1998: El método asincrónico carece de operadores "await" y se ejecutará de forma sincrónica. Puede usar el operador 'await' para esperar llamadas API que no sean de bloqueo o 'await Task.Run(...)' para hacer tareas enlazadas a la CPU en un subproceso en segundo plano. [C:\agents\youtube_rag_net\YoutubeRag.Application\YoutubeRag.Application.csproj]
C:\agents\youtube_rag_net\YoutubeRag.Application\Services\AuthService.cs(291,46): warning CS1998: El método asincrónico carece de operadores "await" y se ejecutará de forma sincrónica. Puede usar el operador 'await' para esperar llamadas API que no sean de bloqueo o 'await Task.Run(...)' para hacer tareas enlazadas a la CPU en un subproceso en segundo plano. [C:\agents\youtube_rag_net\YoutubeRag.Application\YoutubeRag.Application.csproj]
C:\agents\youtube_rag_net\YoutubeRag.Application\Services\SearchService.cs(178,47): warning CS8604: Posible argumento de referencia nulo para el parámetro "embeddingVector" en "double[]? SearchService.DeserializeEmbedding(string embeddingVector)". [C:\agents\youtube_rag_net\YoutubeRag.Application\YoutubeRag.Application.csproj]
C:\agents\youtube_rag_net\YoutubeRag.Application\Services\SearchService.cs(199,51): warning CS8604: Posible argumento de referencia nulo para el parámetro "embeddingVector" en "double[]? SearchService.DeserializeEmbedding(string embeddingVector)". [C:\agents\youtube_rag_net\YoutubeRag.Application\YoutubeRag.Application.csproj]
C:\agents\youtube_rag_net\YoutubeRag.Application\Services\TranscriptionJobProcessor.cs(125,88): warning CS8604: Posible argumento de referencia nulo para el parámetro "youTubeId" en "Task<string> IAudioExtractionService.ExtractAudioFromYouTubeAsync(string youTubeId, CancellationToken cancellationToken = default(CancellationToken))". [C:\agents\youtube_rag_net\YoutubeRag.Application\YoutubeRag.Application.csproj]
  YoutubeRag.Application -> C:\agents\youtube_rag_net\YoutubeRag.Application\bin\Debug\net8.0\YoutubeRag.Application.dll
C:\agents\youtube_rag_net\YoutubeRag.Infrastructure\Jobs\RecurringJobsSetup.cs(27,13): warning CS0618: 'Cron.MinuteInterval(int)' está obsoleto: 'Please use Cron expressions instead. Will be removed in 2.0.0' [C:\agents\youtube_rag_net\YoutubeRag.Infrastructure\YoutubeRag.Infrastructure.csproj]
C:\agents\youtube_rag_net\YoutubeRag.Infrastructure\Jobs\RecurringJobsSetup.cs(33,13): warning CS0618: 'Cron.HourInterval(int)' está obsoleto: 'Please use Cron expressions instead. Will be removed in 2.0.0' [C:\agents\youtube_rag_net\YoutubeRag.Infrastructure\YoutubeRag.Infrastructure.csproj]
C:\agents\youtube_rag_net\YoutubeRag.Infrastructure\Services\HangfireJobService.cs(137,13): warning CS0618: 'Cron.MinuteInterval(int)' está obsoleto: 'Please use Cron expressions instead. Will be removed in 2.0.0' [C:\agents\youtube_rag_net\YoutubeRag.Infrastructure\YoutubeRag.Infrastructure.csproj]
C:\agents\youtube_rag_net\YoutubeRag.Infrastructure\Services\JobMonitoringService.cs(195,30): warning CS1998: El método asincrónico carece de operadores "await" y se ejecutará de forma sincrónica. Puede usar el operador 'await' para esperar llamadas API que no sean de bloqueo o 'await Task.Run(...)' para hacer tareas enlazadas a la CPU en un subproceso en segundo plano. [C:\agents\youtube_rag_net\YoutubeRag.Infrastructure\YoutubeRag.Infrastructure.csproj]
C:\agents\youtube_rag_net\YoutubeRag.Infrastructure\Services\LocalWhisperService.cs(112,48): warning CS1998: El método asincrónico carece de operadores "await" y se ejecutará de forma sincrónica. Puede usar el operador 'await' para esperar llamadas API que no sean de bloqueo o 'await Task.Run(...)' para hacer tareas enlazadas a la CPU en un subproceso en segundo plano. [C:\agents\youtube_rag_net\YoutubeRag.Infrastructure\YoutubeRag.Infrastructure.csproj]
C:\agents\youtube_rag_net\YoutubeRag.Infrastructure\Services\EmbeddingJobProcessor.cs(238,58): warning CS8604: Posible argumento de referencia nulo para el parámetro "videoId" en "Task<bool> EmbeddingJobProcessor.ProcessEmbeddingJobAsync(string videoId, string? jobId = null, CancellationToken cancellationToken = default(CancellationToken))". [C:\agents\youtube_rag_net\YoutubeRag.Infrastructure\YoutubeRag.Infrastructure.csproj]
C:\agents\youtube_rag_net\YoutubeRag.Infrastructure\Services\EmbeddingJobProcessor.cs(273,17): warning CS8604: Posible argumento de referencia nulo para el parámetro "videoId" en "Task IProgressNotificationService.NotifyJobFailedAsync(string jobId, string videoId, string error)". [C:\agents\youtube_rag_net\YoutubeRag.Infrastructure\YoutubeRag.Infrastructure.csproj]
C:\agents\youtube_rag_net\YoutubeRag.Infrastructure\Services\LocalWhisperService.cs(325,39): warning CS8604: Posible argumento de referencia nulo para el parámetro "path1" en "string Path.Combine(string path1, string path2)". [C:\agents\youtube_rag_net\YoutubeRag.Infrastructure\YoutubeRag.Infrastructure.csproj]
C:\agents\youtube_rag_net\YoutubeRag.Infrastructure\Services\LocalWhisperService.cs(505,24): warning CS8603: Posible tipo de valor devuelto de referencia nulo. [C:\agents\youtube_rag_net\YoutubeRag.Infrastructure\YoutubeRag.Infrastructure.csproj]
C:\agents\youtube_rag_net\YoutubeRag.Infrastructure\Services\LocalWhisperService.cs(525,24): warning CS8603: Posible tipo de valor devuelto de referencia nulo. [C:\agents\youtube_rag_net\YoutubeRag.Infrastructure\YoutubeRag.Infrastructure.csproj]
C:\agents\youtube_rag_net\YoutubeRag.Infrastructure\Services\LocalWhisperService.cs(536,20): warning CS8603: Posible tipo de valor devuelto de referencia nulo. [C:\agents\youtube_rag_net\YoutubeRag.Infrastructure\YoutubeRag.Infrastructure.csproj]
C:\agents\youtube_rag_net\YoutubeRag.Infrastructure\Services\LocalWhisperService.cs(541,20): warning CS8603: Posible tipo de valor devuelto de referencia nulo. [C:\agents\youtube_rag_net\YoutubeRag.Infrastructure\YoutubeRag.Infrastructure.csproj]
  YoutubeRag.Infrastructure -> C:\agents\youtube_rag_net\YoutubeRag.Infrastructure\bin\Debug\net8.0\YoutubeRag.Infrastructure.dll
C:\agents\youtube_rag_net\YoutubeRag.Api\Controllers\VideosController.cs(88,37): warning CS1998: El método asincrónico carece de operadores "await" y se ejecutará de forma sincrónica. Puede usar el operador 'await' para esperar llamadas API que no sean de bloqueo o 'await Task.Run(...)' para hacer tareas enlazadas a la CPU en un subproceso en segundo plano. [C:\agents\youtube_rag_net\YoutubeRag.Api\YoutubeRag.Api.csproj]
C:\agents\youtube_rag_net\YoutubeRag.Api\Controllers\JobsController.cs(17,37): warning CS1998: El método asincrónico carece de operadores "await" y se ejecutará de forma sincrónica. Puede usar el operador 'await' para esperar llamadas API que no sean de bloqueo o 'await Task.Run(...)' para hacer tareas enlazadas a la CPU en un subproceso en segundo plano. [C:\agents\youtube_rag_net\YoutubeRag.Api\YoutubeRag.Api.csproj]
C:\agents\youtube_rag_net\YoutubeRag.Api\Controllers\VideosController.cs(125,17): warning CS8604: Posible argumento de referencia nulo para el parámetro "title" en "Task<Video> IVideoProcessingService.ProcessVideoFromUrlAsync(string url, string title, string description, string userId)". [C:\agents\youtube_rag_net\YoutubeRag.Api\YoutubeRag.Api.csproj]
C:\agents\youtube_rag_net\YoutubeRag.Api\Controllers\VideosController.cs(126,17): warning CS8604: Posible argumento de referencia nulo para el parámetro "description" en "Task<Video> IVideoProcessingService.ProcessVideoFromUrlAsync(string url, string title, string description, string userId)". [C:\agents\youtube_rag_net\YoutubeRag.Api\YoutubeRag.Api.csproj]
C:\agents\youtube_rag_net\YoutubeRag.Api\Controllers\FilesController.cs(16,37): warning CS1998: El método asincrónico carece de operadores "await" y se ejecutará de forma sincrónica. Puede usar el operador 'await' para esperar llamadas API que no sean de bloqueo o 'await Task.Run(...)' para hacer tareas enlazadas a la CPU en un subproceso en segundo plano. [C:\agents\youtube_rag_net\YoutubeRag.Api\YoutubeRag.Api.csproj]
C:\agents\youtube_rag_net\YoutubeRag.Api\Controllers\FilesController.cs(69,37): warning CS1998: El método asincrónico carece de operadores "await" y se ejecutará de forma sincrónica. Puede usar el operador 'await' para esperar llamadas API que no sean de bloqueo o 'await Task.Run(...)' para hacer tareas enlazadas a la CPU en un subproceso en segundo plano. [C:\agents\youtube_rag_net\YoutubeRag.Api\YoutubeRag.Api.csproj]
C:\agents\youtube_rag_net\YoutubeRag.Api\Controllers\SearchController.cs(85,37): warning CS1998: El método asincrónico carece de operadores "await" y se ejecutará de forma sincrónica. Puede usar el operador 'await' para esperar llamadas API que no sean de bloqueo o 'await Task.Run(...)' para hacer tareas enlazadas a la CPU en un subproceso en segundo plano. [C:\agents\youtube_rag_net\YoutubeRag.Api\YoutubeRag.Api.csproj]
C:\agents\youtube_rag_net\YoutubeRag.Api\Controllers\FilesController.cs(103,37): warning CS1998: El método asincrónico carece de operadores "await" y se ejecutará de forma sincrónica. Puede usar el operador 'await' para esperar llamadas API que no sean de bloqueo o 'await Task.Run(...)' para hacer tareas enlazadas a la CPU en un subproceso en segundo plano. [C:\agents\youtube_rag_net\YoutubeRag.Api\YoutubeRag.Api.csproj]
C:\agents\youtube_rag_net\YoutubeRag.Api\Controllers\SearchController.cs(121,37): warning CS1998: El método asincrónico carece de operadores "await" y se ejecutará de forma sincrónica. Puede usar el operador 'await' para esperar llamadas API que no sean de bloqueo o 'await Task.Run(...)' para hacer tareas enlazadas a la CPU en un subproceso en segundo plano. [C:\agents\youtube_rag_net\YoutubeRag.Api\YoutubeRag.Api.csproj]
C:\agents\youtube_rag_net\YoutubeRag.Api\Controllers\FilesController.cs(149,13): warning CS8619: La nulabilidad de los tipos de referencia en el valor de tipo "<anonymous type: string id, string original_name, string title, string file_type, int size_bytes, string status, DateTime uploaded_at, string? video_id>" no coincide con el tipo de destino "<anonymous type: string id, string original_name, string title, string file_type, int size_bytes, string status, DateTime uploaded_at, string video_id>". [C:\agents\youtube_rag_net\YoutubeRag.Api\YoutubeRag.Api.csproj]
C:\agents\youtube_rag_net\YoutubeRag.Api\Controllers\FilesController.cs(119,37): warning CS1998: El método asincrónico carece de operadores "await" y se ejecutará de forma sincrónica. Puede usar el operador 'await' para esperar llamadas API que no sean de bloqueo o 'await Task.Run(...)' para hacer tareas enlazadas a la CPU en un subproceso en segundo plano. [C:\agents\youtube_rag_net\YoutubeRag.Api\YoutubeRag.Api.csproj]
C:\agents\youtube_rag_net\YoutubeRag.Api\Controllers\FilesController.cs(180,37): warning CS1998: El método asincrónico carece de operadores "await" y se ejecutará de forma sincrónica. Puede usar el operador 'await' para esperar llamadas API que no sean de bloqueo o 'await Task.Run(...)' para hacer tareas enlazadas a la CPU en un subproceso en segundo plano. [C:\agents\youtube_rag_net\YoutubeRag.Api\YoutubeRag.Api.csproj]
C:\agents\youtube_rag_net\YoutubeRag.Api\Controllers\JobsController.cs(87,37): warning CS1998: El método asincrónico carece de operadores "await" y se ejecutará de forma sincrónica. Puede usar el operador 'await' para esperar llamadas API que no sean de bloqueo o 'await Task.Run(...)' para hacer tareas enlazadas a la CPU en un subproceso en segundo plano. [C:\agents\youtube_rag_net\YoutubeRag.Api\YoutubeRag.Api.csproj]
C:\agents\youtube_rag_net\YoutubeRag.Api\Controllers\JobsController.cs(169,37): warning CS1998: El método asincrónico carece de operadores "await" y se ejecutará de forma sincrónica. Puede usar el operador 'await' para esperar llamadas API que no sean de bloqueo o 'await Task.Run(...)' para hacer tareas enlazadas a la CPU en un subproceso en segundo plano. [C:\agents\youtube_rag_net\YoutubeRag.Api\YoutubeRag.Api.csproj]
C:\agents\youtube_rag_net\YoutubeRag.Api\Controllers\FilesController.cs(194,37): warning CS1998: El método asincrónico carece de operadores "await" y se ejecutará de forma sincrónica. Puede usar el operador 'await' para esperar llamadas API que no sean de bloqueo o 'await Task.Run(...)' para hacer tareas enlazadas a la CPU en un subproceso en segundo plano. [C:\agents\youtube_rag_net\YoutubeRag.Api\YoutubeRag.Api.csproj]
C:\agents\youtube_rag_net\YoutubeRag.Api\Controllers\JobsController.cs(183,37): warning CS1998: El método asincrónico carece de operadores "await" y se ejecutará de forma sincrónica. Puede usar el operador 'await' para esperar llamadas API que no sean de bloqueo o 'await Task.Run(...)' para hacer tareas enlazadas a la CPU en un subproceso en segundo plano. [C:\agents\youtube_rag_net\YoutubeRag.Api\YoutubeRag.Api.csproj]
C:\agents\youtube_rag_net\YoutubeRag.Api\Controllers\SearchController.cs(191,37): warning CS1998: El método asincrónico carece de operadores "await" y se ejecutará de forma sincrónica. Puede usar el operador 'await' para esperar llamadas API que no sean de bloqueo o 'await Task.Run(...)' para hacer tareas enlazadas a la CPU en un subproceso en segundo plano. [C:\agents\youtube_rag_net\YoutubeRag.Api\YoutubeRag.Api.csproj]
C:\agents\youtube_rag_net\YoutubeRag.Api\Controllers\FilesController.cs(215,37): warning CS1998: El método asincrónico carece de operadores "await" y se ejecutará de forma sincrónica. Puede usar el operador 'await' para esperar llamadas API que no sean de bloqueo o 'await Task.Run(...)' para hacer tareas enlazadas a la CPU en un subproceso en segundo plano. [C:\agents\youtube_rag_net\YoutubeRag.Api\YoutubeRag.Api.csproj]
C:\agents\youtube_rag_net\YoutubeRag.Api\Controllers\AuthController.cs(106,37): warning CS1998: El método asincrónico carece de operadores "await" y se ejecutará de forma sincrónica. Puede usar el operador 'await' para esperar llamadas API que no sean de bloqueo o 'await Task.Run(...)' para hacer tareas enlazadas a la CPU en un subproceso en segundo plano. [C:\agents\youtube_rag_net\YoutubeRag.Api\YoutubeRag.Api.csproj]
C:\agents\youtube_rag_net\YoutubeRag.Api\Controllers\FilesController.cs(273,37): warning CS1998: El método asincrónico carece de operadores "await" y se ejecutará de forma sincrónica. Puede usar el operador 'await' para esperar llamadas API que no sean de bloqueo o 'await Task.Run(...)' para hacer tareas enlazadas a la CPU en un subproceso en segundo plano. [C:\agents\youtube_rag_net\YoutubeRag.Api\YoutubeRag.Api.csproj]
C:\agents\youtube_rag_net\YoutubeRag.Api\Controllers\SearchController.cs(212,37): warning CS1998: El método asincrónico carece de operadores "await" y se ejecutará de forma sincrónica. Puede usar el operador 'await' para esperar llamadas API que no sean de bloqueo o 'await Task.Run(...)' para hacer tareas enlazadas a la CPU en un subproceso en segundo plano. [C:\agents\youtube_rag_net\YoutubeRag.Api\YoutubeRag.Api.csproj]
C:\agents\youtube_rag_net\YoutubeRag.Api\Controllers\JobsController.cs(200,37): warning CS1998: El método asincrónico carece de operadores "await" y se ejecutará de forma sincrónica. Puede usar el operador 'await' para esperar llamadas API que no sean de bloqueo o 'await Task.Run(...)' para hacer tareas enlazadas a la CPU en un subproceso en segundo plano. [C:\agents\youtube_rag_net\YoutubeRag.Api\YoutubeRag.Api.csproj]
C:\agents\youtube_rag_net\YoutubeRag.Api\Controllers\FilesController.cs(334,37): warning CS1998: El método asincrónico carece de operadores "await" y se ejecutará de forma sincrónica. Puede usar el operador 'await' para esperar llamadas API que no sean de bloqueo o 'await Task.Run(...)' para hacer tareas enlazadas a la CPU en un subproceso en segundo plano. [C:\agents\youtube_rag_net\YoutubeRag.Api\YoutubeRag.Api.csproj]
C:\agents\youtube_rag_net\YoutubeRag.Api\Controllers\JobsController.cs(235,37): warning CS1998: El método asincrónico carece de operadores "await" y se ejecutará de forma sincrónica. Puede usar el operador 'await' para esperar llamadas API que no sean de bloqueo o 'await Task.Run(...)' para hacer tareas enlazadas a la CPU en un subproceso en segundo plano. [C:\agents\youtube_rag_net\YoutubeRag.Api\YoutubeRag.Api.csproj]
C:\agents\youtube_rag_net\YoutubeRag.Api\Controllers\UsersController.cs(117,17): warning CS8619: La nulabilidad de los tipos de referencia en el valor de tipo "<anonymous type: string id, string type, string description, DateTime timestamp, string? video_id>" no coincide con el tipo de destino "<anonymous type: string id, string type, string description, DateTime timestamp, string video_id>". [C:\agents\youtube_rag_net\YoutubeRag.Api\YoutubeRag.Api.csproj]
C:\agents\youtube_rag_net\YoutubeRag.Api\Controllers\UsersController.cs(98,37): warning CS1998: El método asincrónico carece de operadores "await" y se ejecutará de forma sincrónica. Puede usar el operador 'await' para esperar llamadas API que no sean de bloqueo o 'await Task.Run(...)' para hacer tareas enlazadas a la CPU en un subproceso en segundo plano. [C:\agents\youtube_rag_net\YoutubeRag.Api\YoutubeRag.Api.csproj]
C:\agents\youtube_rag_net\YoutubeRag.Api\Controllers\JobsController.cs(256,37): warning CS1998: El método asincrónico carece de operadores "await" y se ejecutará de forma sincrónica. Puede usar el operador 'await' para esperar llamadas API que no sean de bloqueo o 'await Task.Run(...)' para hacer tareas enlazadas a la CPU en un subproceso en segundo plano. [C:\agents\youtube_rag_net\YoutubeRag.Api\YoutubeRag.Api.csproj]
C:\agents\youtube_rag_net\YoutubeRag.Api\Controllers\JobsController.cs(279,37): warning CS1998: El método asincrónico carece de operadores "await" y se ejecutará de forma sincrónica. Puede usar el operador 'await' para esperar llamadas API que no sean de bloqueo o 'await Task.Run(...)' para hacer tareas enlazadas a la CPU en un subproceso en segundo plano. [C:\agents\youtube_rag_net\YoutubeRag.Api\YoutubeRag.Api.csproj]
C:\agents\youtube_rag_net\YoutubeRag.Api\Controllers\AuthController.cs(178,50): warning CS1998: El método asincrónico carece de operadores "await" y se ejecutará de forma sincrónica. Puede usar el operador 'await' para esperar llamadas API que no sean de bloqueo o 'await Task.Run(...)' para hacer tareas enlazadas a la CPU en un subproceso en segundo plano. [C:\agents\youtube_rag_net\YoutubeRag.Api\YoutubeRag.Api.csproj]
C:\agents\youtube_rag_net\YoutubeRag.Api\Controllers\UsersController.cs(149,37): warning CS1998: El método asincrónico carece de operadores "await" y se ejecutará de forma sincrónica. Puede usar el operador 'await' para esperar llamadas API que no sean de bloqueo o 'await Task.Run(...)' para hacer tareas enlazadas a la CPU en un subproceso en segundo plano. [C:\agents\youtube_rag_net\YoutubeRag.Api\YoutubeRag.Api.csproj]
C:\agents\youtube_rag_net\YoutubeRag.Api\Controllers\VideosController.cs(459,37): warning CS1998: El método asincrónico carece de operadores "await" y se ejecutará de forma sincrónica. Puede usar el operador 'await' para esperar llamadas API que no sean de bloqueo o 'await Task.Run(...)' para hacer tareas enlazadas a la CPU en un subproceso en segundo plano. [C:\agents\youtube_rag_net\YoutubeRag.Api\YoutubeRag.Api.csproj]
C:\agents\youtube_rag_net\YoutubeRag.Api\Controllers\UsersController.cs(322,37): warning CS1998: El método asincrónico carece de operadores "await" y se ejecutará de forma sincrónica. Puede usar el operador 'await' para esperar llamadas API que no sean de bloqueo o 'await Task.Run(...)' para hacer tareas enlazadas a la CPU en un subproceso en segundo plano. [C:\agents\youtube_rag_net\YoutubeRag.Api\YoutubeRag.Api.csproj]
C:\agents\youtube_rag_net\YoutubeRag.Api\Controllers\VideosController.cs(473,37): warning CS1998: El método asincrónico carece de operadores "await" y se ejecutará de forma sincrónica. Puede usar el operador 'await' para esperar llamadas API que no sean de bloqueo o 'await Task.Run(...)' para hacer tareas enlazadas a la CPU en un subproceso en segundo plano. [C:\agents\youtube_rag_net\YoutubeRag.Api\YoutubeRag.Api.csproj]
C:\agents\youtube_rag_net\YoutubeRag.Api\Controllers\UsersController.cs(369,37): warning CS1998: El método asincrónico carece de operadores "await" y se ejecutará de forma sincrónica. Puede usar el operador 'await' para esperar llamadas API que no sean de bloqueo o 'await Task.Run(...)' para hacer tareas enlazadas a la CPU en un subproceso en segundo plano. [C:\agents\youtube_rag_net\YoutubeRag.Api\YoutubeRag.Api.csproj]
C:\agents\youtube_rag_net\YoutubeRag.Api\Controllers\VideosController.cs(504,37): warning CS1998: El método asincrónico carece de operadores "await" y se ejecutará de forma sincrónica. Puede usar el operador 'await' para esperar llamadas API que no sean de bloqueo o 'await Task.Run(...)' para hacer tareas enlazadas a la CPU en un subproceso en segundo plano. [C:\agents\youtube_rag_net\YoutubeRag.Api\YoutubeRag.Api.csproj]
C:\agents\youtube_rag_net\YoutubeRag.Api\Controllers\VideosController.cs(517,37): warning CS1998: El método asincrónico carece de operadores "await" y se ejecutará de forma sincrónica. Puede usar el operador 'await' para esperar llamadas API que no sean de bloqueo o 'await Task.Run(...)' para hacer tareas enlazadas a la CPU en un subproceso en segundo plano. [C:\agents\youtube_rag_net\YoutubeRag.Api\YoutubeRag.Api.csproj]
C:\agents\youtube_rag_net\YoutubeRag.Api\Controllers\UsersController.cs(405,37): warning CS1998: El método asincrónico carece de operadores "await" y se ejecutará de forma sincrónica. Puede usar el operador 'await' para esperar llamadas API que no sean de bloqueo o 'await Task.Run(...)' para hacer tareas enlazadas a la CPU en un subproceso en segundo plano. [C:\agents\youtube_rag_net\YoutubeRag.Api\YoutubeRag.Api.csproj]
C:\agents\youtube_rag_net\YoutubeRag.Api\Controllers\UsersController.cs(422,37): warning CS1998: El método asincrónico carece de operadores "await" y se ejecutará de forma sincrónica. Puede usar el operador 'await' para esperar llamadas API que no sean de bloqueo o 'await Task.Run(...)' para hacer tareas enlazadas a la CPU en un subproceso en segundo plano. [C:\agents\youtube_rag_net\YoutubeRag.Api\YoutubeRag.Api.csproj]
C:\agents\youtube_rag_net\YoutubeRag.Api\Controllers\UsersController.cs(442,37): warning CS1998: El método asincrónico carece de operadores "await" y se ejecutará de forma sincrónica. Puede usar el operador 'await' para esperar llamadas API que no sean de bloqueo o 'await Task.Run(...)' para hacer tareas enlazadas a la CPU en un subproceso en segundo plano. [C:\agents\youtube_rag_net\YoutubeRag.Api\YoutubeRag.Api.csproj]
C:\agents\youtube_rag_net\YoutubeRag.Api\Controllers\UsersController.cs(461,37): warning CS1998: El método asincrónico carece de operadores "await" y se ejecutará de forma sincrónica. Puede usar el operador 'await' para esperar llamadas API que no sean de bloqueo o 'await Task.Run(...)' para hacer tareas enlazadas a la CPU en un subproceso en segundo plano. [C:\agents\youtube_rag_net\YoutubeRag.Api\YoutubeRag.Api.csproj]
C:\agents\youtube_rag_net\YoutubeRag.Api\Middleware\CorrelationIdMiddleware.cs(36,9): warning ASP0019: Use IHeaderDictionary.Append or the indexer to append or set headers. IDictionary.Add will throw an ArgumentException when attempting to add a duplicate key. (https://aka.ms/aspnet/analyzers) [C:\agents\youtube_rag_net\YoutubeRag.Api\YoutubeRag.Api.csproj]
C:\agents\youtube_rag_net\YoutubeRag.Api\Program.cs(461,9): warning ASP0019: Use IHeaderDictionary.Append or the indexer to append or set headers. IDictionary.Add will throw an ArgumentException when attempting to add a duplicate key. (https://aka.ms/aspnet/analyzers) [C:\agents\youtube_rag_net\YoutubeRag.Api\YoutubeRag.Api.csproj]
C:\agents\youtube_rag_net\YoutubeRag.Api\Program.cs(462,9): warning ASP0019: Use IHeaderDictionary.Append or the indexer to append or set headers. IDictionary.Add will throw an ArgumentException when attempting to add a duplicate key. (https://aka.ms/aspnet/analyzers) [C:\agents\youtube_rag_net\YoutubeRag.Api\YoutubeRag.Api.csproj]
C:\agents\youtube_rag_net\YoutubeRag.Api\Program.cs(463,9): warning ASP0019: Use IHeaderDictionary.Append or the indexer to append or set headers. IDictionary.Add will throw an ArgumentException when attempting to add a duplicate key. (https://aka.ms/aspnet/analyzers) [C:\agents\youtube_rag_net\YoutubeRag.Api\YoutubeRag.Api.csproj]
C:\agents\youtube_rag_net\YoutubeRag.Api\Program.cs(467,13): warning ASP0019: Use IHeaderDictionary.Append or the indexer to append or set headers. IDictionary.Add will throw an ArgumentException when attempting to add a duplicate key. (https://aka.ms/aspnet/analyzers) [C:\agents\youtube_rag_net\YoutubeRag.Api\YoutubeRag.Api.csproj]
  YoutubeRag.Api -> C:\agents\youtube_rag_net\YoutubeRag.Api\bin\Debug\net8.0\YoutubeRag.Api.dll
C:\agents\youtube_rag_net\YoutubeRag.Tests.Integration\Infrastructure\IntegrationTestBase.cs(52,31): warning CS1998: El método asincrónico carece de operadores "await" y se ejecutará de forma sincrónica. Puede usar el operador 'await' para esperar llamadas API que no sean de bloqueo o 'await Task.Run(...)' para hacer tareas enlazadas a la CPU en un subproceso en segundo plano. [C:\agents\youtube_rag_net\YoutubeRag.Tests.Integration\YoutubeRag.Tests.Integration.csproj]
C:\agents\youtube_rag_net\YoutubeRag.Tests.Integration\Jobs\TranscriptionJobProcessorTests.cs(78,56): warning CS8604: Posible argumento de referencia nulo para el parámetro "youTubeId" en "Task<string> IAudioExtractionService.ExtractAudioFromYouTubeAsync(string youTubeId, CancellationToken cancellationToken = default(CancellationToken))". [C:\agents\youtube_rag_net\YoutubeRag.Tests.Integration\YoutubeRag.Tests.Integration.csproj]
C:\agents\youtube_rag_net\YoutubeRag.Tests.Integration\Jobs\TranscriptionJobProcessorTests.cs(152,56): warning CS8604: Posible argumento de referencia nulo para el parámetro "youTubeId" en "Task<string> IAudioExtractionService.ExtractAudioFromYouTubeAsync(string youTubeId, CancellationToken cancellationToken = default(CancellationToken))". [C:\agents\youtube_rag_net\YoutubeRag.Tests.Integration\YoutubeRag.Tests.Integration.csproj]
C:\agents\youtube_rag_net\YoutubeRag.Tests.Integration\Jobs\TranscriptionJobProcessorTests.cs(210,56): warning CS8604: Posible argumento de referencia nulo para el parámetro "youTubeId" en "Task<string> IAudioExtractionService.ExtractAudioFromYouTubeAsync(string youTubeId, CancellationToken cancellationToken = default(CancellationToken))". [C:\agents\youtube_rag_net\YoutubeRag.Tests.Integration\YoutubeRag.Tests.Integration.csproj]
C:\agents\youtube_rag_net\YoutubeRag.Tests.Integration\Jobs\TranscriptionJobProcessorTests.cs(271,56): warning CS8604: Posible argumento de referencia nulo para el parámetro "youTubeId" en "Task<string> IAudioExtractionService.ExtractAudioFromYouTubeAsync(string youTubeId, CancellationToken cancellationToken = default(CancellationToken))". [C:\agents\youtube_rag_net\YoutubeRag.Tests.Integration\YoutubeRag.Tests.Integration.csproj]
C:\agents\youtube_rag_net\YoutubeRag.Tests.Integration\Jobs\TranscriptionJobProcessorTests.cs(310,56): warning CS8604: Posible argumento de referencia nulo para el parámetro "youTubeId" en "Task<string> IAudioExtractionService.ExtractAudioFromYouTubeAsync(string youTubeId, CancellationToken cancellationToken = default(CancellationToken))". [C:\agents\youtube_rag_net\YoutubeRag.Tests.Integration\YoutubeRag.Tests.Integration.csproj]
C:\agents\youtube_rag_net\YoutubeRag.Tests.Integration\Jobs\TranscriptionJobProcessorTests.cs(394,56): warning CS8604: Posible argumento de referencia nulo para el parámetro "youTubeId" en "Task<string> IAudioExtractionService.ExtractAudioFromYouTubeAsync(string youTubeId, CancellationToken cancellationToken = default(CancellationToken))". [C:\agents\youtube_rag_net\YoutubeRag.Tests.Integration\YoutubeRag.Tests.Integration.csproj]
C:\agents\youtube_rag_net\YoutubeRag.Tests.Integration\Jobs\TranscriptionJobProcessorTests.cs(449,56): warning CS8604: Posible argumento de referencia nulo para el parámetro "youTubeId" en "Task<string> IAudioExtractionService.ExtractAudioFromYouTubeAsync(string youTubeId, CancellationToken cancellationToken = default(CancellationToken))". [C:\agents\youtube_rag_net\YoutubeRag.Tests.Integration\YoutubeRag.Tests.Integration.csproj]
C:\agents\youtube_rag_net\YoutubeRag.Tests.Integration\Jobs\TranscriptionJobProcessorTests.cs(488,56): warning CS8604: Posible argumento de referencia nulo para el parámetro "youTubeId" en "Task<string> IAudioExtractionService.ExtractAudioFromYouTubeAsync(string youTubeId, CancellationToken cancellationToken = default(CancellationToken))". [C:\agents\youtube_rag_net\YoutubeRag.Tests.Integration\YoutubeRag.Tests.Integration.csproj]
C:\agents\youtube_rag_net\YoutubeRag.Tests.Integration\Jobs\TranscriptionJobProcessorTests.cs(561,56): warning CS8604: Posible argumento de referencia nulo para el parámetro "youTubeId" en "Task<string> IAudioExtractionService.ExtractAudioFromYouTubeAsync(string youTubeId, CancellationToken cancellationToken = default(CancellationToken))". [C:\agents\youtube_rag_net\YoutubeRag.Tests.Integration\YoutubeRag.Tests.Integration.csproj]
C:\agents\youtube_rag_net\YoutubeRag.Tests.Integration\Jobs\TranscriptionJobProcessorTests.cs(613,56): warning CS8604: Posible argumento de referencia nulo para el parámetro "youTubeId" en "Task<string> IAudioExtractionService.ExtractAudioFromYouTubeAsync(string youTubeId, CancellationToken cancellationToken = default(CancellationToken))". [C:\agents\youtube_rag_net\YoutubeRag.Tests.Integration\YoutubeRag.Tests.Integration.csproj]
C:\agents\youtube_rag_net\YoutubeRag.Tests.Integration\Jobs\TranscriptionJobProcessorTests.cs(663,56): warning CS8604: Posible argumento de referencia nulo para el parámetro "youTubeId" en "Task<string> IAudioExtractionService.ExtractAudioFromYouTubeAsync(string youTubeId, CancellationToken cancellationToken = default(CancellationToken))". [C:\agents\youtube_rag_net\YoutubeRag.Tests.Integration\YoutubeRag.Tests.Integration.csproj]
  YoutubeRag.Tests.Integration -> C:\agents\youtube_rag_net\YoutubeRag.Tests.Integration\bin\Debug\net9.0\YoutubeRag.Tests.Integration.dll

Compilación correcta.

C:\agents\youtube_rag_net\YoutubeRag.Infrastructure\YoutubeRag.Infrastructure.csproj : warning NU1608: Se detectó una versión del paquete fuera de la restricción de dependencia: Hangfire.SqlServer 1.8.6 requiere Hangfire.Core (= 1.8.6), pero la versión Hangfire.Core 1.8.21 ya se resolvió. [C:\agents\youtube_rag_net\YoutubeRag.sln]
C:\agents\youtube_rag_net\YoutubeRag.Api\YoutubeRag.Api.csproj : warning NU1608: Se detectó una versión del paquete fuera de la restricción de dependencia: Hangfire.SqlServer 1.8.6 requiere Hangfire.Core (= 1.8.6), pero la versión Hangfire.Core 1.8.21 ya se resolvió. [C:\agents\youtube_rag_net\YoutubeRag.sln]
C:\agents\youtube_rag_net\YoutubeRag.Tests.Integration\YoutubeRag.Tests.Integration.csproj : warning NU1608: Se detectó una versión del paquete fuera de la restricción de dependencia: Hangfire.SqlServer 1.8.6 requiere Hangfire.Core (= 1.8.6), pero la versión Hangfire.Core 1.8.21 ya se resolvió. [C:\agents\youtube_rag_net\YoutubeRag.sln]
C:\agents\youtube_rag_net\YoutubeRag.Infrastructure\YoutubeRag.Infrastructure.csproj : warning NU1608: Se detectó una versión del paquete fuera de la restricción de dependencia: Hangfire.SqlServer 1.8.6 requiere Hangfire.Core (= 1.8.6), pero la versión Hangfire.Core 1.8.21 ya se resolvió.
C:\agents\youtube_rag_net\YoutubeRag.Tests.Integration\YoutubeRag.Tests.Integration.csproj : warning NU1608: Se detectó una versión del paquete fuera de la restricción de dependencia: Hangfire.SqlServer 1.8.6 requiere Hangfire.Core (= 1.8.6), pero la versión Hangfire.Core 1.8.21 ya se resolvió.
C:\agents\youtube_rag_net\YoutubeRag.Api\YoutubeRag.Api.csproj : warning NU1608: Se detectó una versión del paquete fuera de la restricción de dependencia: Hangfire.SqlServer 1.8.6 requiere Hangfire.Core (= 1.8.6), pero la versión Hangfire.Core 1.8.21 ya se resolvió.
C:\agents\youtube_rag_net\YoutubeRag.Application\Services\AuthService.cs(261,29): warning CS1998: El método asincrónico carece de operadores "await" y se ejecutará de forma sincrónica. Puede usar el operador 'await' para esperar llamadas API que no sean de bloqueo o 'await Task.Run(...)' para hacer tareas enlazadas a la CPU en un subproceso en segundo plano. [C:\agents\youtube_rag_net\YoutubeRag.Application\YoutubeRag.Application.csproj]
C:\agents\youtube_rag_net\YoutubeRag.Application\Services\AuthService.cs(277,29): warning CS1998: El método asincrónico carece de operadores "await" y se ejecutará de forma sincrónica. Puede usar el operador 'await' para esperar llamadas API que no sean de bloqueo o 'await Task.Run(...)' para hacer tareas enlazadas a la CPU en un subproceso en segundo plano. [C:\agents\youtube_rag_net\YoutubeRag.Application\YoutubeRag.Application.csproj]
C:\agents\youtube_rag_net\YoutubeRag.Application\Services\AuthService.cs(291,46): warning CS1998: El método asincrónico carece de operadores "await" y se ejecutará de forma sincrónica. Puede usar el operador 'await' para esperar llamadas API que no sean de bloqueo o 'await Task.Run(...)' para hacer tareas enlazadas a la CPU en un subproceso en segundo plano. [C:\agents\youtube_rag_net\YoutubeRag.Application\YoutubeRag.Application.csproj]
C:\agents\youtube_rag_net\YoutubeRag.Application\Services\SearchService.cs(178,47): warning CS8604: Posible argumento de referencia nulo para el parámetro "embeddingVector" en "double[]? SearchService.DeserializeEmbedding(string embeddingVector)". [C:\agents\youtube_rag_net\YoutubeRag.Application\YoutubeRag.Application.csproj]
C:\agents\youtube_rag_net\YoutubeRag.Application\Services\SearchService.cs(199,51): warning CS8604: Posible argumento de referencia nulo para el parámetro "embeddingVector" en "double[]? SearchService.DeserializeEmbedding(string embeddingVector)". [C:\agents\youtube_rag_net\YoutubeRag.Application\YoutubeRag.Application.csproj]
C:\agents\youtube_rag_net\YoutubeRag.Application\Services\TranscriptionJobProcessor.cs(125,88): warning CS8604: Posible argumento de referencia nulo para el parámetro "youTubeId" en "Task<string> IAudioExtractionService.ExtractAudioFromYouTubeAsync(string youTubeId, CancellationToken cancellationToken = default(CancellationToken))". [C:\agents\youtube_rag_net\YoutubeRag.Application\YoutubeRag.Application.csproj]
C:\agents\youtube_rag_net\YoutubeRag.Infrastructure\Jobs\RecurringJobsSetup.cs(27,13): warning CS0618: 'Cron.MinuteInterval(int)' está obsoleto: 'Please use Cron expressions instead. Will be removed in 2.0.0' [C:\agents\youtube_rag_net\YoutubeRag.Infrastructure\YoutubeRag.Infrastructure.csproj]
C:\agents\youtube_rag_net\YoutubeRag.Infrastructure\Jobs\RecurringJobsSetup.cs(33,13): warning CS0618: 'Cron.HourInterval(int)' está obsoleto: 'Please use Cron expressions instead. Will be removed in 2.0.0' [C:\agents\youtube_rag_net\YoutubeRag.Infrastructure\YoutubeRag.Infrastructure.csproj]
C:\agents\youtube_rag_net\YoutubeRag.Infrastructure\Services\HangfireJobService.cs(137,13): warning CS0618: 'Cron.MinuteInterval(int)' está obsoleto: 'Please use Cron expressions instead. Will be removed in 2.0.0' [C:\agents\youtube_rag_net\YoutubeRag.Infrastructure\YoutubeRag.Infrastructure.csproj]
C:\agents\youtube_rag_net\YoutubeRag.Infrastructure\Services\JobMonitoringService.cs(195,30): warning CS1998: El método asincrónico carece de operadores "await" y se ejecutará de forma sincrónica. Puede usar el operador 'await' para esperar llamadas API que no sean de bloqueo o 'await Task.Run(...)' para hacer tareas enlazadas a la CPU en un subproceso en segundo plano. [C:\agents\youtube_rag_net\YoutubeRag.Infrastructure\YoutubeRag.Infrastructure.csproj]
C:\agents\youtube_rag_net\YoutubeRag.Infrastructure\Services\LocalWhisperService.cs(112,48): warning CS1998: El método asincrónico carece de operadores "await" y se ejecutará de forma sincrónica. Puede usar el operador 'await' para esperar llamadas API que no sean de bloqueo o 'await Task.Run(...)' para hacer tareas enlazadas a la CPU en un subproceso en segundo plano. [C:\agents\youtube_rag_net\YoutubeRag.Infrastructure\YoutubeRag.Infrastructure.csproj]
C:\agents\youtube_rag_net\YoutubeRag.Infrastructure\Services\EmbeddingJobProcessor.cs(238,58): warning CS8604: Posible argumento de referencia nulo para el parámetro "videoId" en "Task<bool> EmbeddingJobProcessor.ProcessEmbeddingJobAsync(string videoId, string? jobId = null, CancellationToken cancellationToken = default(CancellationToken))". [C:\agents\youtube_rag_net\YoutubeRag.Infrastructure\YoutubeRag.Infrastructure.csproj]
C:\agents\youtube_rag_net\YoutubeRag.Infrastructure\Services\EmbeddingJobProcessor.cs(273,17): warning CS8604: Posible argumento de referencia nulo para el parámetro "videoId" en "Task IProgressNotificationService.NotifyJobFailedAsync(string jobId, string videoId, string error)". [C:\agents\youtube_rag_net\YoutubeRag.Infrastructure\YoutubeRag.Infrastructure.csproj]
C:\agents\youtube_rag_net\YoutubeRag.Infrastructure\Services\LocalWhisperService.cs(325,39): warning CS8604: Posible argumento de referencia nulo para el parámetro "path1" en "string Path.Combine(string path1, string path2)". [C:\agents\youtube_rag_net\YoutubeRag.Infrastructure\YoutubeRag.Infrastructure.csproj]
C:\agents\youtube_rag_net\YoutubeRag.Infrastructure\Services\LocalWhisperService.cs(505,24): warning CS8603: Posible tipo de valor devuelto de referencia nulo. [C:\agents\youtube_rag_net\YoutubeRag.Infrastructure\YoutubeRag.Infrastructure.csproj]
C:\agents\youtube_rag_net\YoutubeRag.Infrastructure\Services\LocalWhisperService.cs(525,24): warning CS8603: Posible tipo de valor devuelto de referencia nulo. [C:\agents\youtube_rag_net\YoutubeRag.Infrastructure\YoutubeRag.Infrastructure.csproj]
C:\agents\youtube_rag_net\YoutubeRag.Infrastructure\Services\LocalWhisperService.cs(536,20): warning CS8603: Posible tipo de valor devuelto de referencia nulo. [C:\agents\youtube_rag_net\YoutubeRag.Infrastructure\YoutubeRag.Infrastructure.csproj]
C:\agents\youtube_rag_net\YoutubeRag.Infrastructure\Services\LocalWhisperService.cs(541,20): warning CS8603: Posible tipo de valor devuelto de referencia nulo. [C:\agents\youtube_rag_net\YoutubeRag.Infrastructure\YoutubeRag.Infrastructure.csproj]
C:\agents\youtube_rag_net\YoutubeRag.Api\Controllers\VideosController.cs(88,37): warning CS1998: El método asincrónico carece de operadores "await" y se ejecutará de forma sincrónica. Puede usar el operador 'await' para esperar llamadas API que no sean de bloqueo o 'await Task.Run(...)' para hacer tareas enlazadas a la CPU en un subproceso en segundo plano. [C:\agents\youtube_rag_net\YoutubeRag.Api\YoutubeRag.Api.csproj]
C:\agents\youtube_rag_net\YoutubeRag.Api\Controllers\JobsController.cs(17,37): warning CS1998: El método asincrónico carece de operadores "await" y se ejecutará de forma sincrónica. Puede usar el operador 'await' para esperar llamadas API que no sean de bloqueo o 'await Task.Run(...)' para hacer tareas enlazadas a la CPU en un subproceso en segundo plano. [C:\agents\youtube_rag_net\YoutubeRag.Api\YoutubeRag.Api.csproj]
C:\agents\youtube_rag_net\YoutubeRag.Api\Controllers\VideosController.cs(125,17): warning CS8604: Posible argumento de referencia nulo para el parámetro "title" en "Task<Video> IVideoProcessingService.ProcessVideoFromUrlAsync(string url, string title, string description, string userId)". [C:\agents\youtube_rag_net\YoutubeRag.Api\YoutubeRag.Api.csproj]
C:\agents\youtube_rag_net\YoutubeRag.Api\Controllers\VideosController.cs(126,17): warning CS8604: Posible argumento de referencia nulo para el parámetro "description" en "Task<Video> IVideoProcessingService.ProcessVideoFromUrlAsync(string url, string title, string description, string userId)". [C:\agents\youtube_rag_net\YoutubeRag.Api\YoutubeRag.Api.csproj]
C:\agents\youtube_rag_net\YoutubeRag.Api\Controllers\FilesController.cs(16,37): warning CS1998: El método asincrónico carece de operadores "await" y se ejecutará de forma sincrónica. Puede usar el operador 'await' para esperar llamadas API que no sean de bloqueo o 'await Task.Run(...)' para hacer tareas enlazadas a la CPU en un subproceso en segundo plano. [C:\agents\youtube_rag_net\YoutubeRag.Api\YoutubeRag.Api.csproj]
C:\agents\youtube_rag_net\YoutubeRag.Api\Controllers\FilesController.cs(69,37): warning CS1998: El método asincrónico carece de operadores "await" y se ejecutará de forma sincrónica. Puede usar el operador 'await' para esperar llamadas API que no sean de bloqueo o 'await Task.Run(...)' para hacer tareas enlazadas a la CPU en un subproceso en segundo plano. [C:\agents\youtube_rag_net\YoutubeRag.Api\YoutubeRag.Api.csproj]
C:\agents\youtube_rag_net\YoutubeRag.Api\Controllers\SearchController.cs(85,37): warning CS1998: El método asincrónico carece de operadores "await" y se ejecutará de forma sincrónica. Puede usar el operador 'await' para esperar llamadas API que no sean de bloqueo o 'await Task.Run(...)' para hacer tareas enlazadas a la CPU en un subproceso en segundo plano. [C:\agents\youtube_rag_net\YoutubeRag.Api\YoutubeRag.Api.csproj]
C:\agents\youtube_rag_net\YoutubeRag.Api\Controllers\FilesController.cs(103,37): warning CS1998: El método asincrónico carece de operadores "await" y se ejecutará de forma sincrónica. Puede usar el operador 'await' para esperar llamadas API que no sean de bloqueo o 'await Task.Run(...)' para hacer tareas enlazadas a la CPU en un subproceso en segundo plano. [C:\agents\youtube_rag_net\YoutubeRag.Api\YoutubeRag.Api.csproj]
C:\agents\youtube_rag_net\YoutubeRag.Api\Controllers\SearchController.cs(121,37): warning CS1998: El método asincrónico carece de operadores "await" y se ejecutará de forma sincrónica. Puede usar el operador 'await' para esperar llamadas API que no sean de bloqueo o 'await Task.Run(...)' para hacer tareas enlazadas a la CPU en un subproceso en segundo plano. [C:\agents\youtube_rag_net\YoutubeRag.Api\YoutubeRag.Api.csproj]
C:\agents\youtube_rag_net\YoutubeRag.Api\Controllers\FilesController.cs(149,13): warning CS8619: La nulabilidad de los tipos de referencia en el valor de tipo "<anonymous type: string id, string original_name, string title, string file_type, int size_bytes, string status, DateTime uploaded_at, string? video_id>" no coincide con el tipo de destino "<anonymous type: string id, string original_name, string title, string file_type, int size_bytes, string status, DateTime uploaded_at, string video_id>". [C:\agents\youtube_rag_net\YoutubeRag.Api\YoutubeRag.Api.csproj]
C:\agents\youtube_rag_net\YoutubeRag.Api\Controllers\FilesController.cs(119,37): warning CS1998: El método asincrónico carece de operadores "await" y se ejecutará de forma sincrónica. Puede usar el operador 'await' para esperar llamadas API que no sean de bloqueo o 'await Task.Run(...)' para hacer tareas enlazadas a la CPU en un subproceso en segundo plano. [C:\agents\youtube_rag_net\YoutubeRag.Api\YoutubeRag.Api.csproj]
C:\agents\youtube_rag_net\YoutubeRag.Api\Controllers\FilesController.cs(180,37): warning CS1998: El método asincrónico carece de operadores "await" y se ejecutará de forma sincrónica. Puede usar el operador 'await' para esperar llamadas API que no sean de bloqueo o 'await Task.Run(...)' para hacer tareas enlazadas a la CPU en un subproceso en segundo plano. [C:\agents\youtube_rag_net\YoutubeRag.Api\YoutubeRag.Api.csproj]
C:\agents\youtube_rag_net\YoutubeRag.Api\Controllers\JobsController.cs(87,37): warning CS1998: El método asincrónico carece de operadores "await" y se ejecutará de forma sincrónica. Puede usar el operador 'await' para esperar llamadas API que no sean de bloqueo o 'await Task.Run(...)' para hacer tareas enlazadas a la CPU en un subproceso en segundo plano. [C:\agents\youtube_rag_net\YoutubeRag.Api\YoutubeRag.Api.csproj]
C:\agents\youtube_rag_net\YoutubeRag.Api\Controllers\JobsController.cs(169,37): warning CS1998: El método asincrónico carece de operadores "await" y se ejecutará de forma sincrónica. Puede usar el operador 'await' para esperar llamadas API que no sean de bloqueo o 'await Task.Run(...)' para hacer tareas enlazadas a la CPU en un subproceso en segundo plano. [C:\agents\youtube_rag_net\YoutubeRag.Api\YoutubeRag.Api.csproj]
C:\agents\youtube_rag_net\YoutubeRag.Api\Controllers\FilesController.cs(194,37): warning CS1998: El método asincrónico carece de operadores "await" y se ejecutará de forma sincrónica. Puede usar el operador 'await' para esperar llamadas API que no sean de bloqueo o 'await Task.Run(...)' para hacer tareas enlazadas a la CPU en un subproceso en segundo plano. [C:\agents\youtube_rag_net\YoutubeRag.Api\YoutubeRag.Api.csproj]
C:\agents\youtube_rag_net\YoutubeRag.Api\Controllers\JobsController.cs(183,37): warning CS1998: El método asincrónico carece de operadores "await" y se ejecutará de forma sincrónica. Puede usar el operador 'await' para esperar llamadas API que no sean de bloqueo o 'await Task.Run(...)' para hacer tareas enlazadas a la CPU en un subproceso en segundo plano. [C:\agents\youtube_rag_net\YoutubeRag.Api\YoutubeRag.Api.csproj]
C:\agents\youtube_rag_net\YoutubeRag.Api\Controllers\SearchController.cs(191,37): warning CS1998: El método asincrónico carece de operadores "await" y se ejecutará de forma sincrónica. Puede usar el operador 'await' para esperar llamadas API que no sean de bloqueo o 'await Task.Run(...)' para hacer tareas enlazadas a la CPU en un subproceso en segundo plano. [C:\agents\youtube_rag_net\YoutubeRag.Api\YoutubeRag.Api.csproj]
C:\agents\youtube_rag_net\YoutubeRag.Api\Controllers\FilesController.cs(215,37): warning CS1998: El método asincrónico carece de operadores "await" y se ejecutará de forma sincrónica. Puede usar el operador 'await' para esperar llamadas API que no sean de bloqueo o 'await Task.Run(...)' para hacer tareas enlazadas a la CPU en un subproceso en segundo plano. [C:\agents\youtube_rag_net\YoutubeRag.Api\YoutubeRag.Api.csproj]
C:\agents\youtube_rag_net\YoutubeRag.Api\Controllers\AuthController.cs(106,37): warning CS1998: El método asincrónico carece de operadores "await" y se ejecutará de forma sincrónica. Puede usar el operador 'await' para esperar llamadas API que no sean de bloqueo o 'await Task.Run(...)' para hacer tareas enlazadas a la CPU en un subproceso en segundo plano. [C:\agents\youtube_rag_net\YoutubeRag.Api\YoutubeRag.Api.csproj]
C:\agents\youtube_rag_net\YoutubeRag.Api\Controllers\FilesController.cs(273,37): warning CS1998: El método asincrónico carece de operadores "await" y se ejecutará de forma sincrónica. Puede usar el operador 'await' para esperar llamadas API que no sean de bloqueo o 'await Task.Run(...)' para hacer tareas enlazadas a la CPU en un subproceso en segundo plano. [C:\agents\youtube_rag_net\YoutubeRag.Api\YoutubeRag.Api.csproj]
C:\agents\youtube_rag_net\YoutubeRag.Api\Controllers\SearchController.cs(212,37): warning CS1998: El método asincrónico carece de operadores "await" y se ejecutará de forma sincrónica. Puede usar el operador 'await' para esperar llamadas API que no sean de bloqueo o 'await Task.Run(...)' para hacer tareas enlazadas a la CPU en un subproceso en segundo plano. [C:\agents\youtube_rag_net\YoutubeRag.Api\YoutubeRag.Api.csproj]
C:\agents\youtube_rag_net\YoutubeRag.Api\Controllers\JobsController.cs(200,37): warning CS1998: El método asincrónico carece de operadores "await" y se ejecutará de forma sincrónica. Puede usar el operador 'await' para esperar llamadas API que no sean de bloqueo o 'await Task.Run(...)' para hacer tareas enlazadas a la CPU en un subproceso en segundo plano. [C:\agents\youtube_rag_net\YoutubeRag.Api\YoutubeRag.Api.csproj]
C:\agents\youtube_rag_net\YoutubeRag.Api\Controllers\FilesController.cs(334,37): warning CS1998: El método asincrónico carece de operadores "await" y se ejecutará de forma sincrónica. Puede usar el operador 'await' para esperar llamadas API que no sean de bloqueo o 'await Task.Run(...)' para hacer tareas enlazadas a la CPU en un subproceso en segundo plano. [C:\agents\youtube_rag_net\YoutubeRag.Api\YoutubeRag.Api.csproj]
C:\agents\youtube_rag_net\YoutubeRag.Api\Controllers\JobsController.cs(235,37): warning CS1998: El método asincrónico carece de operadores "await" y se ejecutará de forma sincrónica. Puede usar el operador 'await' para esperar llamadas API que no sean de bloqueo o 'await Task.Run(...)' para hacer tareas enlazadas a la CPU en un subproceso en segundo plano. [C:\agents\youtube_rag_net\YoutubeRag.Api\YoutubeRag.Api.csproj]
C:\agents\youtube_rag_net\YoutubeRag.Api\Controllers\UsersController.cs(117,17): warning CS8619: La nulabilidad de los tipos de referencia en el valor de tipo "<anonymous type: string id, string type, string description, DateTime timestamp, string? video_id>" no coincide con el tipo de destino "<anonymous type: string id, string type, string description, DateTime timestamp, string video_id>". [C:\agents\youtube_rag_net\YoutubeRag.Api\YoutubeRag.Api.csproj]
C:\agents\youtube_rag_net\YoutubeRag.Api\Controllers\UsersController.cs(98,37): warning CS1998: El método asincrónico carece de operadores "await" y se ejecutará de forma sincrónica. Puede usar el operador 'await' para esperar llamadas API que no sean de bloqueo o 'await Task.Run(...)' para hacer tareas enlazadas a la CPU en un subproceso en segundo plano. [C:\agents\youtube_rag_net\YoutubeRag.Api\YoutubeRag.Api.csproj]
C:\agents\youtube_rag_net\YoutubeRag.Api\Controllers\JobsController.cs(256,37): warning CS1998: El método asincrónico carece de operadores "await" y se ejecutará de forma sincrónica. Puede usar el operador 'await' para esperar llamadas API que no sean de bloqueo o 'await Task.Run(...)' para hacer tareas enlazadas a la CPU en un subproceso en segundo plano. [C:\agents\youtube_rag_net\YoutubeRag.Api\YoutubeRag.Api.csproj]
C:\agents\youtube_rag_net\YoutubeRag.Api\Controllers\JobsController.cs(279,37): warning CS1998: El método asincrónico carece de operadores "await" y se ejecutará de forma sincrónica. Puede usar el operador 'await' para esperar llamadas API que no sean de bloqueo o 'await Task.Run(...)' para hacer tareas enlazadas a la CPU en un subproceso en segundo plano. [C:\agents\youtube_rag_net\YoutubeRag.Api\YoutubeRag.Api.csproj]
C:\agents\youtube_rag_net\YoutubeRag.Api\Controllers\AuthController.cs(178,50): warning CS1998: El método asincrónico carece de operadores "await" y se ejecutará de forma sincrónica. Puede usar el operador 'await' para esperar llamadas API que no sean de bloqueo o 'await Task.Run(...)' para hacer tareas enlazadas a la CPU en un subproceso en segundo plano. [C:\agents\youtube_rag_net\YoutubeRag.Api\YoutubeRag.Api.csproj]
C:\agents\youtube_rag_net\YoutubeRag.Api\Controllers\UsersController.cs(149,37): warning CS1998: El método asincrónico carece de operadores "await" y se ejecutará de forma sincrónica. Puede usar el operador 'await' para esperar llamadas API que no sean de bloqueo o 'await Task.Run(...)' para hacer tareas enlazadas a la CPU en un subproceso en segundo plano. [C:\agents\youtube_rag_net\YoutubeRag.Api\YoutubeRag.Api.csproj]
C:\agents\youtube_rag_net\YoutubeRag.Api\Controllers\VideosController.cs(459,37): warning CS1998: El método asincrónico carece de operadores "await" y se ejecutará de forma sincrónica. Puede usar el operador 'await' para esperar llamadas API que no sean de bloqueo o 'await Task.Run(...)' para hacer tareas enlazadas a la CPU en un subproceso en segundo plano. [C:\agents\youtube_rag_net\YoutubeRag.Api\YoutubeRag.Api.csproj]
C:\agents\youtube_rag_net\YoutubeRag.Api\Controllers\UsersController.cs(322,37): warning CS1998: El método asincrónico carece de operadores "await" y se ejecutará de forma sincrónica. Puede usar el operador 'await' para esperar llamadas API que no sean de bloqueo o 'await Task.Run(...)' para hacer tareas enlazadas a la CPU en un subproceso en segundo plano. [C:\agents\youtube_rag_net\YoutubeRag.Api\YoutubeRag.Api.csproj]
C:\agents\youtube_rag_net\YoutubeRag.Api\Controllers\VideosController.cs(473,37): warning CS1998: El método asincrónico carece de operadores "await" y se ejecutará de forma sincrónica. Puede usar el operador 'await' para esperar llamadas API que no sean de bloqueo o 'await Task.Run(...)' para hacer tareas enlazadas a la CPU en un subproceso en segundo plano. [C:\agents\youtube_rag_net\YoutubeRag.Api\YoutubeRag.Api.csproj]
C:\agents\youtube_rag_net\YoutubeRag.Api\Controllers\UsersController.cs(369,37): warning CS1998: El método asincrónico carece de operadores "await" y se ejecutará de forma sincrónica. Puede usar el operador 'await' para esperar llamadas API que no sean de bloqueo o 'await Task.Run(...)' para hacer tareas enlazadas a la CPU en un subproceso en segundo plano. [C:\agents\youtube_rag_net\YoutubeRag.Api\YoutubeRag.Api.csproj]
C:\agents\youtube_rag_net\YoutubeRag.Api\Controllers\VideosController.cs(504,37): warning CS1998: El método asincrónico carece de operadores "await" y se ejecutará de forma sincrónica. Puede usar el operador 'await' para esperar llamadas API que no sean de bloqueo o 'await Task.Run(...)' para hacer tareas enlazadas a la CPU en un subproceso en segundo plano. [C:\agents\youtube_rag_net\YoutubeRag.Api\YoutubeRag.Api.csproj]
C:\agents\youtube_rag_net\YoutubeRag.Api\Controllers\VideosController.cs(517,37): warning CS1998: El método asincrónico carece de operadores "await" y se ejecutará de forma sincrónica. Puede usar el operador 'await' para esperar llamadas API que no sean de bloqueo o 'await Task.Run(...)' para hacer tareas enlazadas a la CPU en un subproceso en segundo plano. [C:\agents\youtube_rag_net\YoutubeRag.Api\YoutubeRag.Api.csproj]
C:\agents\youtube_rag_net\YoutubeRag.Api\Controllers\UsersController.cs(405,37): warning CS1998: El método asincrónico carece de operadores "await" y se ejecutará de forma sincrónica. Puede usar el operador 'await' para esperar llamadas API que no sean de bloqueo o 'await Task.Run(...)' para hacer tareas enlazadas a la CPU en un subproceso en segundo plano. [C:\agents\youtube_rag_net\YoutubeRag.Api\YoutubeRag.Api.csproj]
C:\agents\youtube_rag_net\YoutubeRag.Api\Controllers\UsersController.cs(422,37): warning CS1998: El método asincrónico carece de operadores "await" y se ejecutará de forma sincrónica. Puede usar el operador 'await' para esperar llamadas API que no sean de bloqueo o 'await Task.Run(...)' para hacer tareas enlazadas a la CPU en un subproceso en segundo plano. [C:\agents\youtube_rag_net\YoutubeRag.Api\YoutubeRag.Api.csproj]
C:\agents\youtube_rag_net\YoutubeRag.Api\Controllers\UsersController.cs(442,37): warning CS1998: El método asincrónico carece de operadores "await" y se ejecutará de forma sincrónica. Puede usar el operador 'await' para esperar llamadas API que no sean de bloqueo o 'await Task.Run(...)' para hacer tareas enlazadas a la CPU en un subproceso en segundo plano. [C:\agents\youtube_rag_net\YoutubeRag.Api\YoutubeRag.Api.csproj]
C:\agents\youtube_rag_net\YoutubeRag.Api\Controllers\UsersController.cs(461,37): warning CS1998: El método asincrónico carece de operadores "await" y se ejecutará de forma sincrónica. Puede usar el operador 'await' para esperar llamadas API que no sean de bloqueo o 'await Task.Run(...)' para hacer tareas enlazadas a la CPU en un subproceso en segundo plano. [C:\agents\youtube_rag_net\YoutubeRag.Api\YoutubeRag.Api.csproj]
C:\agents\youtube_rag_net\YoutubeRag.Api\Middleware\CorrelationIdMiddleware.cs(36,9): warning ASP0019: Use IHeaderDictionary.Append or the indexer to append or set headers. IDictionary.Add will throw an ArgumentException when attempting to add a duplicate key. (https://aka.ms/aspnet/analyzers) [C:\agents\youtube_rag_net\YoutubeRag.Api\YoutubeRag.Api.csproj]
C:\agents\youtube_rag_net\YoutubeRag.Api\Program.cs(461,9): warning ASP0019: Use IHeaderDictionary.Append or the indexer to append or set headers. IDictionary.Add will throw an ArgumentException when attempting to add a duplicate key. (https://aka.ms/aspnet/analyzers) [C:\agents\youtube_rag_net\YoutubeRag.Api\YoutubeRag.Api.csproj]
C:\agents\youtube_rag_net\YoutubeRag.Api\Program.cs(462,9): warning ASP0019: Use IHeaderDictionary.Append or the indexer to append or set headers. IDictionary.Add will throw an ArgumentException when attempting to add a duplicate key. (https://aka.ms/aspnet/analyzers) [C:\agents\youtube_rag_net\YoutubeRag.Api\YoutubeRag.Api.csproj]
C:\agents\youtube_rag_net\YoutubeRag.Api\Program.cs(463,9): warning ASP0019: Use IHeaderDictionary.Append or the indexer to append or set headers. IDictionary.Add will throw an ArgumentException when attempting to add a duplicate key. (https://aka.ms/aspnet/analyzers) [C:\agents\youtube_rag_net\YoutubeRag.Api\YoutubeRag.Api.csproj]
C:\agents\youtube_rag_net\YoutubeRag.Api\Program.cs(467,13): warning ASP0019: Use IHeaderDictionary.Append or the indexer to append or set headers. IDictionary.Add will throw an ArgumentException when attempting to add a duplicate key. (https://aka.ms/aspnet/analyzers) [C:\agents\youtube_rag_net\YoutubeRag.Api\YoutubeRag.Api.csproj]
C:\agents\youtube_rag_net\YoutubeRag.Tests.Integration\Infrastructure\IntegrationTestBase.cs(52,31): warning CS1998: El método asincrónico carece de operadores "await" y se ejecutará de forma sincrónica. Puede usar el operador 'await' para esperar llamadas API que no sean de bloqueo o 'await Task.Run(...)' para hacer tareas enlazadas a la CPU en un subproceso en segundo plano. [C:\agents\youtube_rag_net\YoutubeRag.Tests.Integration\YoutubeRag.Tests.Integration.csproj]
C:\agents\youtube_rag_net\YoutubeRag.Tests.Integration\Jobs\TranscriptionJobProcessorTests.cs(78,56): warning CS8604: Posible argumento de referencia nulo para el parámetro "youTubeId" en "Task<string> IAudioExtractionService.ExtractAudioFromYouTubeAsync(string youTubeId, CancellationToken cancellationToken = default(CancellationToken))". [C:\agents\youtube_rag_net\YoutubeRag.Tests.Integration\YoutubeRag.Tests.Integration.csproj]
C:\agents\youtube_rag_net\YoutubeRag.Tests.Integration\Jobs\TranscriptionJobProcessorTests.cs(152,56): warning CS8604: Posible argumento de referencia nulo para el parámetro "youTubeId" en "Task<string> IAudioExtractionService.ExtractAudioFromYouTubeAsync(string youTubeId, CancellationToken cancellationToken = default(CancellationToken))". [C:\agents\youtube_rag_net\YoutubeRag.Tests.Integration\YoutubeRag.Tests.Integration.csproj]
C:\agents\youtube_rag_net\YoutubeRag.Tests.Integration\Jobs\TranscriptionJobProcessorTests.cs(210,56): warning CS8604: Posible argumento de referencia nulo para el parámetro "youTubeId" en "Task<string> IAudioExtractionService.ExtractAudioFromYouTubeAsync(string youTubeId, CancellationToken cancellationToken = default(CancellationToken))". [C:\agents\youtube_rag_net\YoutubeRag.Tests.Integration\YoutubeRag.Tests.Integration.csproj]
C:\agents\youtube_rag_net\YoutubeRag.Tests.Integration\Jobs\TranscriptionJobProcessorTests.cs(271,56): warning CS8604: Posible argumento de referencia nulo para el parámetro "youTubeId" en "Task<string> IAudioExtractionService.ExtractAudioFromYouTubeAsync(string youTubeId, CancellationToken cancellationToken = default(CancellationToken))". [C:\agents\youtube_rag_net\YoutubeRag.Tests.Integration\YoutubeRag.Tests.Integration.csproj]
C:\agents\youtube_rag_net\YoutubeRag.Tests.Integration\Jobs\TranscriptionJobProcessorTests.cs(310,56): warning CS8604: Posible argumento de referencia nulo para el parámetro "youTubeId" en "Task<string> IAudioExtractionService.ExtractAudioFromYouTubeAsync(string youTubeId, CancellationToken cancellationToken = default(CancellationToken))". [C:\agents\youtube_rag_net\YoutubeRag.Tests.Integration\YoutubeRag.Tests.Integration.csproj]
C:\agents\youtube_rag_net\YoutubeRag.Tests.Integration\Jobs\TranscriptionJobProcessorTests.cs(394,56): warning CS8604: Posible argumento de referencia nulo para el parámetro "youTubeId" en "Task<string> IAudioExtractionService.ExtractAudioFromYouTubeAsync(string youTubeId, CancellationToken cancellationToken = default(CancellationToken))". [C:\agents\youtube_rag_net\YoutubeRag.Tests.Integration\YoutubeRag.Tests.Integration.csproj]
C:\agents\youtube_rag_net\YoutubeRag.Tests.Integration\Jobs\TranscriptionJobProcessorTests.cs(449,56): warning CS8604: Posible argumento de referencia nulo para el parámetro "youTubeId" en "Task<string> IAudioExtractionService.ExtractAudioFromYouTubeAsync(string youTubeId, CancellationToken cancellationToken = default(CancellationToken))". [C:\agents\youtube_rag_net\YoutubeRag.Tests.Integration\YoutubeRag.Tests.Integration.csproj]
C:\agents\youtube_rag_net\YoutubeRag.Tests.Integration\Jobs\TranscriptionJobProcessorTests.cs(488,56): warning CS8604: Posible argumento de referencia nulo para el parámetro "youTubeId" en "Task<string> IAudioExtractionService.ExtractAudioFromYouTubeAsync(string youTubeId, CancellationToken cancellationToken = default(CancellationToken))". [C:\agents\youtube_rag_net\YoutubeRag.Tests.Integration\YoutubeRag.Tests.Integration.csproj]
C:\agents\youtube_rag_net\YoutubeRag.Tests.Integration\Jobs\TranscriptionJobProcessorTests.cs(561,56): warning CS8604: Posible argumento de referencia nulo para el parámetro "youTubeId" en "Task<string> IAudioExtractionService.ExtractAudioFromYouTubeAsync(string youTubeId, CancellationToken cancellationToken = default(CancellationToken))". [C:\agents\youtube_rag_net\YoutubeRag.Tests.Integration\YoutubeRag.Tests.Integration.csproj]
C:\agents\youtube_rag_net\YoutubeRag.Tests.Integration\Jobs\TranscriptionJobProcessorTests.cs(613,56): warning CS8604: Posible argumento de referencia nulo para el parámetro "youTubeId" en "Task<string> IAudioExtractionService.ExtractAudioFromYouTubeAsync(string youTubeId, CancellationToken cancellationToken = default(CancellationToken))". [C:\agents\youtube_rag_net\YoutubeRag.Tests.Integration\YoutubeRag.Tests.Integration.csproj]
C:\agents\youtube_rag_net\YoutubeRag.Tests.Integration\Jobs\TranscriptionJobProcessorTests.cs(663,56): warning CS8604: Posible argumento de referencia nulo para el parámetro "youTubeId" en "Task<string> IAudioExtractionService.ExtractAudioFromYouTubeAsync(string youTubeId, CancellationToken cancellationToken = default(CancellationToken))". [C:\agents\youtube_rag_net\YoutubeRag.Tests.Integration\YoutubeRag.Tests.Integration.csproj]
    81 Advertencia(s)
    0 Errores

Tiempo transcurrido 00:00:23.73

Hay actualizaciones de carga de trabajo disponibles. Ejecute "dotnet workload list" para obtener más información.
